[new.rapiditltd.net/Dashboard.html]
[backblue.gif]
[fade.gif]
[index.html]
[new.rapiditltd.net/assets/vendors/core/core.css]
[new.rapiditltd.net/assets/fonts/feather-font/css/iconfont.css]
[new.rapiditltd.net/assets/css/style.css]
[new.rapiditltd.net/assets/images/favicon.ico]
[new.rapiditltd.net/Invoice-Add.html]
[new.rapiditltd.net/Invoice-Manage.html]
[new.rapiditltd.net/Invoice-Settings.html]
[new.rapiditltd.net/Category-Add.html]
[new.rapiditltd.net/Category-Manage.html]
[new.rapiditltd.net/Product-Add.html]
[new.rapiditltd.net/Product-Manage.html]
[new.rapiditltd.net/Customer-Add.html]
[new.rapiditltd.net/Customer-Manage.html]
[new.rapiditltd.net/Customer-Due.html]
[new.rapiditltd.net/Supplier-Add.html]
[new.rapiditltd.net/Supplier-Manage.html]
[new.rapiditltd.net/Supplier-Due.html]
[new.rapiditltd.net/Purchase-Add.html]
[new.rapiditltd.net/Purchase-Manage.html]
[new.rapiditltd.net/Return-Add.html]
[new.rapiditltd.net/Stock-Return.html]
[new.rapiditltd.net/Supplier-Return.html]
[new.rapiditltd.net/Wastage-Return.html]
[new.rapiditltd.net/Add-Payment.html]
[new.rapiditltd.net/Manage-Payment.html]
[new.rapiditltd.net/Expense-Category-Add.html]
[new.rapiditltd.net/Add-Expense.html]
[new.rapiditltd.net/Stock-Report.html]
[new.rapiditltd.net/Today-Sales-Report.html]
[new.rapiditltd.net/Monthly-Sales-Report.html]
[new.rapiditltd.net/Today-Purchase-Report.html]
[new.rapiditltd.net/Monthly-Purchase-Report.html]
[new.rapiditltd.net/Total-Sale-Report.html]
[new.rapiditltd.net/Total-Purchase-Report.html]
[new.rapiditltd.net/Total-Expense-Report.html]
[new.rapiditltd.net/Total-Profit-Report.html]
[new.rapiditltd.net/Add-User.html]
[new.rapiditltd.net/Manage-User.html]
[new.rapiditltd.net/Role-Permission.html]
[new.rapiditltd.net/Add-Bank.html]
[new.rapiditltd.net/Bank-Transaction.html]
[new.rapiditltd.net/Bank-Manage.html]
[new.rapiditltd.net/Create-Barcode.html]
[new.rapiditltd.net/Barcode-List.html]
[new.rapiditltd.net/Barcode-Print.html]
[new.rapiditltd.net/Barcode-Settings.html]
[new.rapiditltd.net/All-Settings.html]
[new.rapiditltd.net/Admin-Profile.html]
[new.rapiditltd.net/assets/images/faces/face1.jpg]
[new.rapiditltd.net/pages/general/profile.html]
[new.rapiditltd.net/Dashboard.html]
[new.rapiditltd.net/assets/vendors/core/core.css]
[new.rapiditltd.net/assets/js/template.js]
[new.rapiditltd.net/assets/fonts/feather-font/fonts/feathere8abe8ab.woff]
[new.rapiditltd.net/assets/vendors/feather-icons/feather.min.js]
[new.rapiditltd.net/assets/fonts/feather-font/fonts/feathere8abe8ab.eot]
[new.rapiditltd.net/assets/vendors/core/core.js]
[new.rapiditltd.net/assets/fonts/feather-font/css/iconfont.css]
[new.rapiditltd.net/assets/fonts/feather-font/fonts/feathere8abe8ab.svg]
[new.rapiditltd.net/fonts/overpass/Overpass-Regular.eot]
[new.rapiditltd.net/assets/fonts/feather-font/fonts/feathere8abe8ab.ttf]
[new.rapiditltd.net/fonts/overpass/Overpass-Regulard41dd41d.eot]
[new.rapiditltd.net/fonts/overpass/Overpass-Regular-2.html]
[new.rapiditltd.net/fonts/overpass/Overpass-Regular.woff]
[new.rapiditltd.net/fonts/overpass/Overpass-Regular.ttf]
[new.rapiditltd.net/fonts/overpass/Overpass-SemiBold.eot]
[new.rapiditltd.net/fonts/overpass/Overpass-SemiBoldd41dd41d.eot]
[new.rapiditltd.net/fonts/overpass/Overpass-SemiBold-2.html]
[new.rapiditltd.net/fonts/overpass/Overpass-SemiBold.woff]
[new.rapiditltd.net/fonts/overpass/Overpass-SemiBold.ttf]
[new.rapiditltd.net/fonts/overpass/Overpass-Italic.eot]
[new.rapiditltd.net/fonts/overpass/Overpass-Italicd41dd41d.eot]
[new.rapiditltd.net/fonts/overpass/Overpass-Italic-2.html]
[new.rapiditltd.net/fonts/overpass/Overpass-Italic.woff]
[new.rapiditltd.net/fonts/overpass/Overpass-Italic.ttf]
[new.rapiditltd.net/fonts/overpass/Overpass-Light.eot]
[new.rapiditltd.net/fonts/overpass/Overpass-Lightd41dd41d.eot]
[new.rapiditltd.net/fonts/overpass/Overpass-Light-2.html]
[new.rapiditltd.net/fonts/overpass/Overpass-Light.woff]
[new.rapiditltd.net/fonts/overpass/Overpass-Light.ttf]
[new.rapiditltd.net/fonts/overpass/Overpass-ExtraBold.eot]
[new.rapiditltd.net/fonts/overpass/Overpass-ExtraBoldd41dd41d.eot]
[new.rapiditltd.net/fonts/overpass/Overpass-ExtraBold-2.html]
[new.rapiditltd.net/fonts/overpass/Overpass-ExtraBold.woff]
[new.rapiditltd.net/fonts/overpass/Overpass-ExtraBold.ttf]
[new.rapiditltd.net/fonts/overpass/Overpass-Bold.eot]
[new.rapiditltd.net/fonts/overpass/Overpass-Boldd41dd41d.eot]
[new.rapiditltd.net/fonts/overpass/Overpass-Bold-2.html]
[new.rapiditltd.net/fonts/overpass/Overpass-Bold.woff]
[new.rapiditltd.net/fonts/overpass/Overpass-Bold.ttf]
[new.rapiditltd.net/fonts/overpass/Overpass-Black.eot]
[new.rapiditltd.net/fonts/overpass/Overpass-Blackd41dd41d.eot]
[new.rapiditltd.net/fonts/overpass/Overpass-Black-2.html]
[new.rapiditltd.net/fonts/overpass/Overpass-Black.woff]
[new.rapiditltd.net/fonts/overpass/Overpass-Black.ttf]
[new.rapiditltd.net/images/dashboard/shape-4.html]
[new.rapiditltd.net/images/carousel/img6.jpg]
[new.rapiditltd.net/assets/css/style.css]
[new.rapiditltd.net/assets/vendors/bootstrap-datepicker/bootstrap-datepicker.min.css]
[new.rapiditltd.net/Invoice-Add.html]
[new.rapiditltd.net/assets/vendors/bootstrap-datepicker/bootstrap-datepicker.min.js]
[new.rapiditltd.net/assets/vendors/datatables.net-bs4/dataTables.bootstrap4.css]
[new.rapiditltd.net/Invoice-View.html]
[new.rapiditltd.net/Customer-Ledger.html]
[new.rapiditltd.net/assets/vendors/datatables.net-bs4/dataTables.bootstrap4.js]
[new.rapiditltd.net/assets/js/data-table.js]
[new.rapiditltd.net/Invoice-Manage.html]
[new.rapiditltd.net/Invoice-Settings.html]
[new.rapiditltd.net/Category-Add.html]
[new.rapiditltd.net/Category-Manage.html]
[new.rapiditltd.net/assets/vendors/dropzone/dropzone.min.css]
[new.rapiditltd.net/assets/vendors/dropify/dist/dropify.min.css]
[new.rapiditltd.net/assets/vendors/select2/select2.min.css]
[new.rapiditltd.net/assets/vendors/dropzone/dropzone.min.js]
[new.rapiditltd.net/assets/vendors/dropify/dist/dropify.min.js]
[new.rapiditltd.net/assets/js/dropzone.js]
[new.rapiditltd.net/assets/js/dropify.js]
[new.rapiditltd.net/Product-Add.html]
[new.rapiditltd.net/assets/js/select2.js]
[new.rapiditltd.net/Product-Manage.html]
[new.rapiditltd.net/Customer-Add.html]
[new.rapiditltd.net/Customer-Manage.html]
[new.rapiditltd.net/Customer-Due.html]
[new.rapiditltd.net/Supplier-Add.html]
[new.rapiditltd.net/Product-Details.html]
[new.rapiditltd.net/assets/vendors/select2/select2.min.js]
[new.rapiditltd.net/Supplier-Manage.html]
[new.rapiditltd.net/Supplier-Due.html]
[new.rapiditltd.net/Purchase-Add.html]
[new.rapiditltd.net/Purchase-Manage.html]
[new.rapiditltd.net/Return-Add.html]
[new.rapiditltd.net/Stock-Return.html]
[new.rapiditltd.net/Supplier-Return.html]
[new.rapiditltd.net/Wastage-Return.html]
[new.rapiditltd.net/Add-Payment.html]
[new.rapiditltd.net/Manage-Payment.html]
[new.rapiditltd.net/Expense-Category-Add.html]
[new.rapiditltd.net/Add-Expense.html]
[new.rapiditltd.net/Stock-Report.html]
[new.rapiditltd.net/Today-Sales-Report.html]
[new.rapiditltd.net/Monthly-Sales-Report.html]
[new.rapiditltd.net/Today-Purchase-Report.html]
[new.rapiditltd.net/Monthly-Purchase-Report.html]
[new.rapiditltd.net/Total-Sale-Report.html]
[new.rapiditltd.net/Total-Purchase-Report.html]
[new.rapiditltd.net/Total-Expense-Report.html]
[new.rapiditltd.net/Total-Profit-Report.html]
[new.rapiditltd.net/Add-User.html]
[new.rapiditltd.net/Manage-User.html]
[new.rapiditltd.net/Role-Permission.html]
[new.rapiditltd.net/Add-Bank.html]
[new.rapiditltd.net/Bank-Transaction.html]
[new.rapiditltd.net/Bank-Manage.html]
[new.rapiditltd.net/assets/vendors/datatables.net/jquery.dataTables.js]
[new.rapiditltd.net/Create-Barcode.html]
[new.rapiditltd.net/Supplier-Ledger.html]
[new.rapiditltd.net/Barcode-List.html]
[new.rapiditltd.net/assets/images/barcode.png]
[new.rapiditltd.net/Barcode-Print.html]
[new.rapiditltd.net/Barcode-Settings.html]
[new.rapiditltd.net/All-Settings.html]
[new.rapiditltd.net/Admin-Profile.html]
[new.rapiditltd.net/pages/general/profile.html]
[new.rapiditltd.net/assets/fonts/feather-font/fonts/feathere8abe8ab.svg]
[new.rapiditltd.net/fonts/overpass/Overpass-Regular.html]
[new.rapiditltd.net/fonts/overpass/Overpass-Regulard41dd41d.html]
[new.rapiditltd.net/fonts/overpass/Overpass-Regular-2.html]
[new.rapiditltd.net/fonts/overpass/Overpass-Regular-3.html]
[new.rapiditltd.net/fonts/overpass/Overpass-Regular-4.html]
[new.rapiditltd.net/fonts/overpass/Overpass-SemiBold.html]
[new.rapiditltd.net/fonts/overpass/Overpass-SemiBoldd41dd41d.html]
[new.rapiditltd.net/fonts/overpass/Overpass-SemiBold-2.html]
[new.rapiditltd.net/fonts/overpass/Overpass-SemiBold-3.html]
[new.rapiditltd.net/fonts/overpass/Overpass-SemiBold-4.html]
[new.rapiditltd.net/fonts/overpass/Overpass-Italic.html]
[new.rapiditltd.net/fonts/overpass/Overpass-Italicd41dd41d.html]
[new.rapiditltd.net/fonts/overpass/Overpass-Italic-2.html]
[new.rapiditltd.net/fonts/overpass/Overpass-Italic-3.html]
[new.rapiditltd.net/fonts/overpass/Overpass-Italic-4.html]
[new.rapiditltd.net/fonts/overpass/Overpass-Light.html]
[new.rapiditltd.net/fonts/overpass/Overpass-Lightd41dd41d.html]
[new.rapiditltd.net/fonts/overpass/Overpass-Light-2.html]
[new.rapiditltd.net/fonts/overpass/Overpass-Light-3.html]
[new.rapiditltd.net/fonts/overpass/Overpass-Light-4.html]
[new.rapiditltd.net/fonts/overpass/Overpass-ExtraBold.html]
[new.rapiditltd.net/fonts/overpass/Overpass-ExtraBoldd41dd41d.html]
[new.rapiditltd.net/fonts/overpass/Overpass-ExtraBold-2.html]
[new.rapiditltd.net/fonts/overpass/Overpass-ExtraBold-3.html]
[new.rapiditltd.net/fonts/overpass/Overpass-ExtraBold-4.html]
[new.rapiditltd.net/fonts/overpass/Overpass-Bold.html]
[new.rapiditltd.net/fonts/overpass/Overpass-Boldd41dd41d.html]
[new.rapiditltd.net/fonts/overpass/Overpass-Bold-2.html]
[new.rapiditltd.net/fonts/overpass/Overpass-Bold-3.html]
[new.rapiditltd.net/fonts/overpass/Overpass-Bold-4.html]
[new.rapiditltd.net/fonts/overpass/Overpass-Black.html]
[new.rapiditltd.net/fonts/overpass/Overpass-Blackd41dd41d.html]
[new.rapiditltd.net/fonts/overpass/Overpass-Black-2.html]
[new.rapiditltd.net/fonts/overpass/Overpass-Black-3.html]
[new.rapiditltd.net/fonts/overpass/Overpass-Black-4.html]
[new.rapiditltd.net/images/dashboard/shape-4.html]
[new.rapiditltd.net/images/carousel/img6.html]
[new.rapiditltd.net/assets/vendors/bootstrap-datepicker/bootstrap-datepicker.min.css]
[new.rapiditltd.net/assets/vendors/datatables.net-bs4/dataTables.bootstrap4.css]
[new.rapiditltd.net/Invoice-View.html]
[new.rapiditltd.net/Customer-Ledger.html]
[new.rapiditltd.net/assets/vendors/dropzone/dropzone.min.css]
[new.rapiditltd.net/assets/js/datepicker.js]
[new.rapiditltd.net/assets/vendors/dropify/fonts/dropify.eot]
[new.rapiditltd.net/assets/vendors/dropify/fonts/dropify.woff]
[new.rapiditltd.net/assets/vendors/dropify/fonts/dropify.ttf]
[new.rapiditltd.net/assets/vendors/dropify/fonts/dropify.svg]
[new.rapiditltd.net/assets/vendors/dropify/dist/dropify.min.css]
[new.rapiditltd.net/assets/vendors/select2/select2.min.css]
[new.rapiditltd.net/Product-Details.html]
[new.rapiditltd.net/Supplier-Ledger.html]
[new.rapiditltd.net/assets/vendors/dropify/fonts/dropify.svg]
